Should be true: true
Should be true: true
Should be false: false
Should be false: false
